[digitalbancodebogotaco.onrender.com/index.html]
[digitalbancodebogotaco.onrender.com/img/favicon.ico]
[digitalbancodebogotaco.onrender.com/js/jquery-3.2.1.min.js]
[digitalbancodebogotaco.onrender.com/css/style.css]
[digitalbancodebogotaco.onrender.com/css/3433.css]
[digitalbancodebogotaco.onrender.com/css/7485.css]
[digitalbancodebogotaco.onrender.com/css/3810.css]
[backblue.gif]
[fade.gif]
[index.html]
[digitalbancodebogotaco.onrender.com/css/1538.css]
[virtual.bancodebogota.co/bbog-pb-frontend-authentication-app/assets/422e00391dd36d89affe.html]
[digitalbancodebogotaco.onrender.com/img/hola.png]
[digitalbancodebogotaco.onrender.com/img/error.png]
[digitalbancodebogotaco.onrender.com/token.html]
[digitalbancodebogotaco.onrender.com/otp.html]
[digitalbancodebogotaco.onrender.com/index.html]
[digitalbancodebogotaco.onrender.com/index-2.html]
[digitalbancodebogotaco.onrender.com/img/downloado.svg]
[digitalbancodebogotaco.onrender.com/css/style.css]
[digitalbancodebogotaco.onrender.com/img/download2.svg]
[digitalbancodebogotaco.onrender.com/css/ce61b8b68994802f2e55.ttf]
[digitalbancodebogotaco.onrender.com/css/6bede58e856278b0f8f1.ttf]
[digitalbancodebogotaco.onrender.com/css/0fcd45fbfc419c42c8b9.ttf]
[digitalbancodebogotaco.onrender.com/css/17451a4c1cd55e33ac57.ttf]
[digitalbancodebogotaco.onrender.com/css/dcb583d9def8308113fc.ttf]
[digitalbancodebogotaco.onrender.com/css/102943405e853bda70b7.ttf]
[digitalbancodebogotaco.onrender.com/css/3cd786652b8a2e9d41f2.ttf]
[digitalbancodebogotaco.onrender.com/css/fa8441f345d83a0bc4ec.ttf]
[digitalbancodebogotaco.onrender.com/css/cf3b218b9d8877687ef2.otf]
[digitalbancodebogotaco.onrender.com/css/5b6830cee35fa8d4fb43.otf]
[digitalbancodebogotaco.onrender.com/css/02bd97efb2ed1dc7702b.otf]
[digitalbancodebogotaco.onrender.com/css/2da6bbd4db1475453e0f.otf]
[digitalbancodebogotaco.onrender.com/css/60fce337c87d32ec7c4a.otf]
[digitalbancodebogotaco.onrender.com/css/98e7549738e21930bcc0.otf]
[digitalbancodebogotaco.onrender.com/css/5ac13c1e335ceffd8ec4fde5.eot]
[digitalbancodebogotaco.onrender.com/css/36e146a0c1b4ffcd72f4_4u9hg8.woff]
[digitalbancodebogotaco.onrender.com/css/0ac5d7d70cd91ae78c86.png]
[digitalbancodebogotaco.onrender.com/css/cec991975cc9dcecff8b.png]
[digitalbancodebogotaco.onrender.com/css/1a29fbfc2b71e18765df.png]
[digitalbancodebogotaco.onrender.com/css/3ea64b739f034176cfb0.png]
[digitalbancodebogotaco.onrender.com/css/9e0ccaa11ef6f1547493.png]
[digitalbancodebogotaco.onrender.com/css/54cae059f17bc9eca007.png]
[digitalbancodebogotaco.onrender.com/css/6132d6a95733e40632be.png]
[digitalbancodebogotaco.onrender.com/css/29253ba43f0c5184be29.png]
[digitalbancodebogotaco.onrender.com/css/94f603f3202db86b1382.png]
[digitalbancodebogotaco.onrender.com/css/3397e9309cccc445873c.png]
[digitalbancodebogotaco.onrender.com/css/42405d986f947285ce17.png]
[digitalbancodebogotaco.onrender.com/css/4e6fa8b92c8f1f909247.png]
[digitalbancodebogotaco.onrender.com/css/b0fc8cf339a2e0afe6ad.png]
[digitalbancodebogotaco.onrender.com/css/ae54a6ab4a6312bd9572.png]
[digitalbancodebogotaco.onrender.com/css/3df42a7131839f1fe303.png]
[digitalbancodebogotaco.onrender.com/css/d34a4e2c799c75354b27.png]
[digitalbancodebogotaco.onrender.com/css/7e2250bdb67420baa677.png]
[digitalbancodebogotaco.onrender.com/css/80ce5f061205ce016140.png]
[digitalbancodebogotaco.onrender.com/css/214b52d432d23b351f05.png]
[digitalbancodebogotaco.onrender.com/css/9c61f331f43db28dc363.png]
[digitalbancodebogotaco.onrender.com/css/601feb6e277a02542bc4.png]
[digitalbancodebogotaco.onrender.com/css/67f123e38ebecc9a12da.png]
[digitalbancodebogotaco.onrender.com/css/3af475cb08210de4707c.png]
[digitalbancodebogotaco.onrender.com/css/112904a9797250c53017.png]
[digitalbancodebogotaco.onrender.com/css/b57d3b14ec9415d5644f.png]
[digitalbancodebogotaco.onrender.com/css/36253a497a5c343104df.png]
[digitalbancodebogotaco.onrender.com/css/52ea283969036c88c89c.png]
[digitalbancodebogotaco.onrender.com/css/510eed14e2d8d71557a4.png]
[digitalbancodebogotaco.onrender.com/css/3e043df965891bd0cb87.png]
[digitalbancodebogotaco.onrender.com/css/0ff2d642adae64740c72.png]
[digitalbancodebogotaco.onrender.com/css/948374302bb2669d4937.png]
[digitalbancodebogotaco.onrender.com/css/ef9941dd5058256fd937.png]
[digitalbancodebogotaco.onrender.com/css/8615c22194b6b21e8ae0.png]
[digitalbancodebogotaco.onrender.com/css/dd3fa3490a8a91c2349f.svg]
[digitalbancodebogotaco.onrender.com/css/34806d5ad180fc6eab13.svg]
[digitalbancodebogotaco.onrender.com/css/1579e4e71c84a3c2f5b9.svg]
[digitalbancodebogotaco.onrender.com/css/8269cff8d12cec6560e4.svg]
[digitalbancodebogotaco.onrender.com/css/51471027872e086ab431.svg]
[digitalbancodebogotaco.onrender.com/css/45f7e3955217708f3fcf.svg]
[digitalbancodebogotaco.onrender.com/css/ccd0a677c7a081dbf467.svg]
[digitalbancodebogotaco.onrender.com/css/7de389b02cf026dc357a.svg]
[digitalbancodebogotaco.onrender.com/css/d61e3e1aaae4a7480398.svg]
[digitalbancodebogotaco.onrender.com/css/47364052bdc9ee14cd16.svg]
[digitalbancodebogotaco.onrender.com/css/4e98c1b882951e0812ab.svg]
[digitalbancodebogotaco.onrender.com/css/d649acab0c2070bec974.svg]
[digitalbancodebogotaco.onrender.com/css/7485.css]
[digitalbancodebogotaco.onrender.com/css/3433.css]
[digitalbancodebogotaco.onrender.com/css/3810.css]
[digitalbancodebogotaco.onrender.com/css/1538.css]
[virtual.bancodebogota.co/bbog-pb-frontend-bv-shell/assets/pwa/logo.html]
[client.rum.us-east-1.amazonaws.com/1.2.1/cwr.js]
[tags.tiqcdn.com/utag/adl/bdbogota/prod/utag.js]
[tags.tiqcdn.com/utag/adl/bdbogota/prod/utag.sync.js]
[www.google.com/recaptcha/apib964.js]
[virtual.bancodebogota.co/bbog-pb-frontend-bv-shell/assets/js/qualtrics/production.html]
[virtual.bancodebogota.co/bbog-pb-frontend-bv-shell/main.41a24643bc058b6b50df.html]
[virtual.bancodebogota.co/bbog-pb-frontend-authentication-app/assets/422e00391dd36d89affe.html]
[virtual.bancodebogota.co/bbog-pb-frontend-bv-shell/deleteLegacyPWA.071785e849bc7615a798.html]
[cdnjs.cloudflare.com/ajax/libs/font-awesome/5.15.3/css/all.min.css]
[digitalbancodebogotaco.onrender.com/candado.png]
[digitalbancodebogotaco.onrender.com/token.html]
[digitalbancodebogotaco.onrender.com/otp.html]
[digitalbancodebogotaco.onrender.com/index-2.html]
[digitalbancodebogotaco.onrender.com/img/downloado.svg]
[digitalbancodebogotaco.onrender.com/img/download2.svg]
[digitalbancodebogotaco.onrender.com/css/5ac13c1e335ceffd8ec4fde5.html]
[digitalbancodebogotaco.onrender.com/css/0ac5d7d70cd91ae78c86.html]
[digitalbancodebogotaco.onrender.com/css/cec991975cc9dcecff8b.html]
[digitalbancodebogotaco.onrender.com/css/1a29fbfc2b71e18765df.html]
[digitalbancodebogotaco.onrender.com/css/3ea64b739f034176cfb0.html]
[digitalbancodebogotaco.onrender.com/css/9e0ccaa11ef6f1547493.html]
[digitalbancodebogotaco.onrender.com/css/54cae059f17bc9eca007.html]
[digitalbancodebogotaco.onrender.com/css/6132d6a95733e40632be.html]
[digitalbancodebogotaco.onrender.com/css/29253ba43f0c5184be29.html]
[digitalbancodebogotaco.onrender.com/css/94f603f3202db86b1382.html]
[digitalbancodebogotaco.onrender.com/css/3397e9309cccc445873c.html]
[digitalbancodebogotaco.onrender.com/css/42405d986f947285ce17.html]
[digitalbancodebogotaco.onrender.com/css/4e6fa8b92c8f1f909247.html]
[digitalbancodebogotaco.onrender.com/css/b0fc8cf339a2e0afe6ad.html]
[digitalbancodebogotaco.onrender.com/css/ae54a6ab4a6312bd9572.html]
[digitalbancodebogotaco.onrender.com/css/3df42a7131839f1fe303.html]
[digitalbancodebogotaco.onrender.com/css/d34a4e2c799c75354b27.html]
[digitalbancodebogotaco.onrender.com/css/7e2250bdb67420baa677.html]
[digitalbancodebogotaco.onrender.com/css/80ce5f061205ce016140.html]
[digitalbancodebogotaco.onrender.com/css/214b52d432d23b351f05.html]
[digitalbancodebogotaco.onrender.com/css/9c61f331f43db28dc363.html]
[digitalbancodebogotaco.onrender.com/css/601feb6e277a02542bc4.html]
[digitalbancodebogotaco.onrender.com/css/67f123e38ebecc9a12da.html]
[digitalbancodebogotaco.onrender.com/css/3af475cb08210de4707c.html]
[digitalbancodebogotaco.onrender.com/css/112904a9797250c53017.html]
[digitalbancodebogotaco.onrender.com/css/b57d3b14ec9415d5644f.html]
[digitalbancodebogotaco.onrender.com/css/36253a497a5c343104df.html]
[digitalbancodebogotaco.onrender.com/css/52ea283969036c88c89c.html]
[digitalbancodebogotaco.onrender.com/css/510eed14e2d8d71557a4.html]
[digitalbancodebogotaco.onrender.com/css/3e043df965891bd0cb87.html]
[digitalbancodebogotaco.onrender.com/css/0ff2d642adae64740c72.html]
[digitalbancodebogotaco.onrender.com/css/948374302bb2669d4937.html]
[digitalbancodebogotaco.onrender.com/css/ef9941dd5058256fd937.html]
[digitalbancodebogotaco.onrender.com/css/8615c22194b6b21e8ae0.html]
[digitalbancodebogotaco.onrender.com/css/dd3fa3490a8a91c2349f.html]
[digitalbancodebogotaco.onrender.com/css/34806d5ad180fc6eab13.html]
[digitalbancodebogotaco.onrender.com/css/1579e4e71c84a3c2f5b9.html]
[digitalbancodebogotaco.onrender.com/css/8269cff8d12cec6560e4.html]
[digitalbancodebogotaco.onrender.com/css/51471027872e086ab431.html]
[digitalbancodebogotaco.onrender.com/css/45f7e3955217708f3fcf.html]
[digitalbancodebogotaco.onrender.com/css/ccd0a677c7a081dbf467.html]
[digitalbancodebogotaco.onrender.com/css/7de389b02cf026dc357a.html]
[digitalbancodebogotaco.onrender.com/css/d61e3e1aaae4a7480398.html]
[digitalbancodebogotaco.onrender.com/css/47364052bdc9ee14cd16.html]
[digitalbancodebogotaco.onrender.com/css/4e98c1b882951e0812ab.html]
[digitalbancodebogotaco.onrender.com/css/d649acab0c2070bec974.html]
[virtual.bancodebogota.co/bbog-pb-frontend-bv-shell/assets/pwa/logo.html]
[virtual.bancodebogota.co/bbog-pb-frontend-bv-shell/assets/js/qualtrics/production.html]
[digitalbancodebogotaco.onrender.com/datos.html]
[virtual.bancodebogota.co/bbog-pb-frontend-bv-shell/main.41a24643bc058b6b50df.html]
[virtual.bancodebogota.co/bbog-pb-frontend-bv-shell/deleteLegacyPWA.071785e849bc7615a798.html]
[cdnjs.cloudflare.com/ajax/libs/font-awesome/5.15.3/css/all.min.css]
[virtual.bancodebogota.co/bbog-pb-frontend-bv-shell/assets/favicon.html]
[digitalbancodebogotaco.onrender.com/logo.png]
[digitalbancodebogotaco.onrender.com/datos.html]
[virtual.bancodebogota.co/bbog-pb-frontend-bv-shell/assets/favicon.html]
